// Jest Snapshot v1, https://goo.gl/fbAQLP

exports[`LocationCard should match the snapshot 1`] = `
<aside
  className="card"
>
  <div
    className="card-title-container"
  >
    <h3
      className="card-title"
    >
      Ada Cemetery
    </h3>
    <div
      className="button-wrapper"
    >
      <button
        className="map-button"
        onClick={[Function]}
      >
        Add to Favorites
      </button>
      <Link
        to="location/Ada Cemetery"
      >
        <button
          className="card-button"
          onClick={[Function]}
        >
          View Map
        </button>
      </Link>
    </div>
  </div>
  <p
    className="card-description"
  >
    BOO!
  </p>
</aside>
`;
